// Jest Snapshot v1, https://goo.gl/fbAQLP

exports[`AlertComponent should have correct bindings 1`] = `
{
  "title": "@",
  "type": "@",
}
`;

exports[`AlertComponent should have valid snapshot 1`] = `
"<div class="alert {{$ctrl.type}}" ng-if="$ctrl.isVisible">
    <h4>{{$ctrl.title}}</h4>
    <span class="close" ng-click="$ctrl.isVisible = !$ctrl.isVisible">X</span>
    <ng-transclude></ng-transclude>
</div>"
`;
